Total video need to process: 7010
Begin with 64-core logical processor.
multiprocessing.pool.RemoteTraceback: 
"""
Traceback (most recent call last):
  File "/public/home/jinxl/jinxl/software/anaconda3/envs/clip/lib/python3.9/multiprocessing/pool.py", line 125, in worker
    result = (True, func(*args, **kwds))
  File "/public/home/jinxl/jinxl/software/anaconda3/envs/clip/lib/python3.9/multiprocessing/pool.py", line 48, in mapstar
    return list(map(*args))
  File "/public/home/jinxl/jinxl/research/Experiment/CLIP4Clip/preprocess/compress_video.py", line 36, in compress
    raise e
  File "/public/home/jinxl/jinxl/research/Experiment/CLIP4Clip/preprocess/compress_video.py", line 31, in compress
    ffmpeg = subprocess.Popen(command, stdin=subprocess.PIPE, stdout=subprocess.PIPE, stderr=subprocess.PIPE)
  File "/public/home/jinxl/jinxl/software/anaconda3/envs/clip/lib/python3.9/subprocess.py", line 947, in __init__
    self._execute_child(args, executable, preexec_fn, close_fds,
  File "/public/home/jinxl/jinxl/software/anaconda3/envs/clip/lib/python3.9/subprocess.py", line 1752, in _execute_child
    self.pid = _posixsubprocess.fork_exec(
BlockingIOError: [Errno 11] Resource temporarily unavailable
"""

The above exception was the direct cause of the following exception:

Traceback (most recent call last):
  File "/public/home/jinxl/jinxl/research/Experiment/CLIP4Clip/preprocess/compress_video.py", line 74, in <module>
    data_dict_list = pool.map(compress,
  File "/public/home/jinxl/jinxl/software/anaconda3/envs/clip/lib/python3.9/multiprocessing/pool.py", line 364, in map
    return self._map_async(func, iterable, mapstar, chunksize).get()
  File "/public/home/jinxl/jinxl/software/anaconda3/envs/clip/lib/python3.9/multiprocessing/pool.py", line 771, in get
    raise self._value
BlockingIOError: [Errno 11] Resource temporarily unavailable
Total video need to process: 7010
Begin with 32-core logical processor.
Compress finished, wait for checking files...
Total video need to process: 2990
Begin with 32-core logical processor.
Compress finished, wait for checking files...
Total video need to process: 670
Begin with 32-core logical processor.
Compress finished, wait for checking files...
Total video need to process: 100
Begin with 32-core logical processor.
Compress finished, wait for checking files...
Total video need to process: 1200
Begin with 32-core logical processor.
Compress finished, wait for checking files...
